$ git branch
  edits
* master
$ git merge edits
Auto-merging examples.md
CONFLICT (content): Merge conflict in examples.md
Auto-merging README.md
CONFLICT (content): Merge conflict in README.md
Automatic merge failed; fix conflicts and then commit the result.
$ git add README.md
$ git add examples.md
$ git commit -m "Resolve merge conflict"
On branch master
Changes not staged for commit:
        deleted:    .git_data_copy.tar.gz

no changes added to commit
$ git branch -d edits
Deleted branch edits (was 0dc9f6a).